// Jest Snapshot v1, https://goo.gl/fbAQLP

exports[`sharing-btn renders changes to the url and description 1`] = `"FacebookTwitterE-Mail"`;

exports[`sharing-btn renders changes to the url and description 2`] = `"FacebookTwitterE-Mail"`;

exports[`sharing-btn renders changes to the url and description 3`] = `"FacebookTwitterE-Mail"`;
